warning: this comparison involving the minimum or maximum element for this type contains a case that is always true or always false
  --> $DIR/absurd-extreme-comparisons.rs:12:5
   |
12 |     u <= 0;
   |     ^^^^^^
   |
   = note: #[warn(absurd_extreme_comparisons)] on by default
   = help: because 0 is the minimum value for this type, the case where the two sides are not equal never occurs, consider using u == 0 instead

warning: this comparison involving the minimum or maximum element for this type contains a case that is always true or always false
  --> $DIR/absurd-extreme-comparisons.rs:15:5
   |
15 |     u <= Z;
   |     ^^^^^^
   |
   = note: #[warn(absurd_extreme_comparisons)] on by default
   = help: because Z is the minimum value for this type, the case where the two sides are not equal never occurs, consider using u == Z instead

warning: this comparison involving the minimum or maximum element for this type contains a case that is always true or always false
  --> $DIR/absurd-extreme-comparisons.rs:18:5
   |
18 |     u < Z;
   |     ^^^^^
   |
   = note: #[warn(absurd_extreme_comparisons)] on by default
   = help: because Z is the minimum value for this type, this comparison is always false

warning: this comparison involving the minimum or maximum element for this type contains a case that is always true or always false
  --> $DIR/absurd-extreme-comparisons.rs:21:5
   |
21 |     Z >= u;
   |     ^^^^^^
   |
   = note: #[warn(absurd_extreme_comparisons)] on by default
   = help: because Z is the minimum value for this type, the case where the two sides are not equal never occurs, consider using Z == u instead

warning: this comparison involving the minimum or maximum element for this type contains a case that is always true or always false
  --> $DIR/absurd-extreme-comparisons.rs:24:5
   |
24 |     Z > u;
   |     ^^^^^
   |
   = note: #[warn(absurd_extreme_comparisons)] on by default
   = help: because Z is the minimum value for this type, this comparison is always false

warning: this comparison involving the minimum or maximum element for this type contains a case that is always true or always false
  --> $DIR/absurd-extreme-comparisons.rs:27:5
   |
27 |     u > std::u32::MAX;
   |     ^^^^^^^^^^^^^^^^^
   |
   = note: #[warn(absurd_extreme_comparisons)] on by default
   = help: because std::u32::MAX is the maximum value for this type, this comparison is always false

warning: this comparison involving the minimum or maximum element for this type contains a case that is always true or always false
  --> $DIR/absurd-extreme-comparisons.rs:30:5
   |
30 |     u >= std::u32::MAX;
   |     ^^^^^^^^^^^^^^^^^^
   |
   = note: #[warn(absurd_extreme_comparisons)] on by default
   = help: because std::u32::MAX is the maximum value for this type, the case where the two sides are not equal never occurs, consider using u == std::u32::MAX instead

warning: this comparison involving the minimum or maximum element for this type contains a case that is always true or always false
  --> $DIR/absurd-extreme-comparisons.rs:33:5
   |
33 |     std::u32::MAX < u;
   |     ^^^^^^^^^^^^^^^^^
   |
   = note: #[warn(absurd_extreme_comparisons)] on by default
   = help: because std::u32::MAX is the maximum value for this type, this comparison is always false

warning: this comparison involving the minimum or maximum element for this type contains a case that is always true or always false
  --> $DIR/absurd-extreme-comparisons.rs:36:5
   |
36 |     std::u32::MAX <= u;
   |     ^^^^^^^^^^^^^^^^^^
   |
   = note: #[warn(absurd_extreme_comparisons)] on by default
   = help: because std::u32::MAX is the maximum value for this type, the case where the two sides are not equal never occurs, consider using std::u32::MAX == u instead

warning: this comparison involving the minimum or maximum element for this type contains a case that is always true or always false
  --> $DIR/absurd-extreme-comparisons.rs:40:5
   |
40 |     1-1 > u;
   |     ^^^^^^^
   |
   = note: #[warn(absurd_extreme_comparisons)] on by default
   = help: because 1-1 is the minimum value for this type, this comparison is always false

warning: this comparison involving the minimum or maximum element for this type contains a case that is always true or always false
  --> $DIR/absurd-extreme-comparisons.rs:43:5
   |
43 |     u >= !0;
   |     ^^^^^^^
   |
   = note: #[warn(absurd_extreme_comparisons)] on by default
   = help: because !0 is the maximum value for this type, the case where the two sides are not equal never occurs, consider using u == !0 instead

warning: this comparison involving the minimum or maximum element for this type contains a case that is always true or always false
  --> $DIR/absurd-extreme-comparisons.rs:46:5
   |
46 |     u <= 12 - 2*6;
   |     ^^^^^^^^^^^^^
   |
   = note: #[warn(absurd_extreme_comparisons)] on by default
   = help: because 12 - 2*6 is the minimum value for this type, the case where the two sides are not equal never occurs, consider using u == 12 - 2*6 instead

warning: this comparison involving the minimum or maximum element for this type contains a case that is always true or always false
  --> $DIR/absurd-extreme-comparisons.rs:51:5
   |
51 |     i < -127 - 1;
   |     ^^^^^^^^^^^^
   |
   = note: #[warn(absurd_extreme_comparisons)] on by default
   = help: because -127 - 1 is the minimum value for this type, this comparison is always false

warning: this comparison involving the minimum or maximum element for this type contains a case that is always true or always false
  --> $DIR/absurd-extreme-comparisons.rs:54:5
   |
54 |     std::i8::MAX >= i;
   |     ^^^^^^^^^^^^^^^^^
   |
   = note: #[warn(absurd_extreme_comparisons)] on by default
   = help: because std::i8::MAX is the maximum value for this type, this comparison is always true

warning: this comparison involving the minimum or maximum element for this type contains a case that is always true or always false
  --> $DIR/absurd-extreme-comparisons.rs:57:5
   |
57 |     3-7 < std::i32::MIN;
   |     ^^^^^^^^^^^^^^^^^^^
   |
   = note: #[warn(absurd_extreme_comparisons)] on by default
   = help: because std::i32::MIN is the minimum value for this type, this comparison is always false

warning: this comparison involving the minimum or maximum element for this type contains a case that is always true or always false
  --> $DIR/absurd-extreme-comparisons.rs:62:5
   |
62 |     b >= true;
   |     ^^^^^^^^^
   |
   = note: #[warn(absurd_extreme_comparisons)] on by default
   = help: because true is the maximum value for this type, the case where the two sides are not equal never occurs, consider using b == true instead

warning: this comparison involving the minimum or maximum element for this type contains a case that is always true or always false
  --> $DIR/absurd-extreme-comparisons.rs:65:5
   |
65 |     false > b;
   |     ^^^^^^^^^
   |
   = note: #[warn(absurd_extreme_comparisons)] on by default
   = help: because false is the minimum value for this type, this comparison is always false

warning: <-comparison of unit values detected. This will always be false
  --> $DIR/absurd-extreme-comparisons.rs:72:5
   |
72 |     () < {};
   |     ^^^^^^^
   |
   = note: #[warn(unit_cmp)] on by default

