warning: you seem to be trying to use `Box<Vec<T>>`. Consider using just `Vec<T>`
  --> $DIR/box_vec.rs:17:18
   |
17 | pub fn test(foo: Box<Vec<bool>>) {
   |                  ^^^^^^^^^^^^^^
   |
   = note: #[warn(box_vec)] on by default
   = help: `Vec<T>` is already on the heap, `Box<Vec<T>>` makes an extra allocation.

