warning: casting character literal to u8. `char`s are 4 bytes wide in rust, so casting to u8 truncates them
 --> $DIR/char_lit_as_u8.rs:7:13
  |
7 |     let c = 'a' as u8;
  |             ^^^^^^^^^
  |
  = note: #[warn(char_lit_as_u8)] on by default
  = help: Consider using a byte literal instead:
          b'a'

