warning: the function has a cyclomatic complexity of 3
  --> $DIR/cyclomatic_complexity_attr_used.rs:11:1
   |
11 |   fn kaboom() {
   |  _^ starting here...
12 | |     if 42 == 43 {
13 | |         panic!();
14 | |     } else if "cake" == "lie" {
15 | |         println!("what?");
16 | |     }
17 | | }
   | |_^ ...ending here
   |
   = note: #[warn(cyclomatic_complexity)] on by default
   = help: you could split it up into multiple smaller functions

