warning: you should put `DOC_MARKDOWN` between ticks in the documentation
 --> $DIR/doc.rs:1:29
  |
1 | //! This file tests for the DOC_MARKDOWN lint
  |                             ^^^^^^^^^^^^
  |
  = note: #[warn(doc_markdown)] on by default

warning: you should put `foo_bar` between ticks in the documentation
 --> $DIR/doc.rs:9:9
  |
9 | /// The foo_bar function does _nothing_. See also foo::bar. (note the dot there)
  |         ^^^^^^^
  |
  = note: #[warn(doc_markdown)] on by default

warning: you should put `foo::bar` between ticks in the documentation
 --> $DIR/doc.rs:9:51
  |
9 | /// The foo_bar function does _nothing_. See also foo::bar. (note the dot there)
  |                                                   ^^^^^^^^
  |
  = note: #[warn(doc_markdown)] on by default

warning: you should put `Foo::some_fun` between ticks in the documentation
  --> $DIR/doc.rs:12:84
   |
12 | /// Markdown is _weird_. I mean _really weird_.  This /_ is ok. So is `_`. But not Foo::some_fun
   |                                                                                    ^^^^^^^^^^^^^
   |
   = note: #[warn(doc_markdown)] on by default

warning: you should put `is::a::global:path` between ticks in the documentation
  --> $DIR/doc.rs:15:13
   |
15 | /// Here be ::is::a::global:path.
   |             ^^^^^^^^^^^^^^^^^^^^
   |
   = note: #[warn(doc_markdown)] on by default

warning: you should put `NotInCodeBlock` between ticks in the documentation
  --> $DIR/doc.rs:17:21
   |
17 | /// That's not code ~NotInCodeBlock~.
   |                     ^^^^^^^^^^^^^^^
   |
   = note: #[warn(doc_markdown)] on by default

warning: you should put `be_sure_we_got_to_the_end_of_it` between ticks in the documentation
  --> $DIR/doc.rs:19:5
   |
19 | /// be_sure_we_got_to_the_end_of_it
   |     ^^^^^^^^^^^^^^^^^^^^^^^^^^^^^^^
   |
   = note: #[warn(doc_markdown)] on by default

warning: you should put `be_sure_we_got_to_the_end_of_it` between ticks in the documentation
  --> $DIR/doc.rs:34:5
   |
34 | /// be_sure_we_got_to_the_end_of_it
   |     ^^^^^^^^^^^^^^^^^^^^^^^^^^^^^^^
   |
   = note: #[warn(doc_markdown)] on by default

warning: you should put `be_sure_we_got_to_the_end_of_it` between ticks in the documentation
  --> $DIR/doc.rs:42:5
   |
42 | /// be_sure_we_got_to_the_end_of_it
   |     ^^^^^^^^^^^^^^^^^^^^^^^^^^^^^^^
   |
   = note: #[warn(doc_markdown)] on by default

warning: you should put `be_sure_we_got_to_the_end_of_it` between ticks in the documentation
  --> $DIR/doc.rs:57:5
   |
57 | /// be_sure_we_got_to_the_end_of_it
   |     ^^^^^^^^^^^^^^^^^^^^^^^^^^^^^^^
   |
   = note: #[warn(doc_markdown)] on by default

warning: you should put `ß_foo` between ticks in the documentation
  --> $DIR/doc.rs:67:5
   |
67 | /// ß_foo
   |     ^^^^^
   |
   = note: #[warn(doc_markdown)] on by default

warning: you should put `ℝ_foo` between ticks in the documentation
  --> $DIR/doc.rs:69:5
   |
69 | /// ℝ_foo
   |     ^^^^^
   |
   = note: #[warn(doc_markdown)] on by default

warning: you should put `foo_ß` between ticks in the documentation
  --> $DIR/doc.rs:73:5
   |
73 | /// foo_ß
   |     ^^^^^
   |
   = note: #[warn(doc_markdown)] on by default

warning: you should put `foo_ℝ` between ticks in the documentation
  --> $DIR/doc.rs:75:5
   |
75 | /// foo_ℝ
   |     ^^^^^
   |
   = note: #[warn(doc_markdown)] on by default

warning: you should put `be_sure_we_got_to_the_end_of_it` between ticks in the documentation
  --> $DIR/doc.rs:91:5
   |
91 | /// be_sure_we_got_to_the_end_of_it
   |     ^^^^^^^^^^^^^^^^^^^^^^^^^^^^^^^
   |
   = note: #[warn(doc_markdown)] on by default

warning: you should put `link_with_underscores` between ticks in the documentation
  --> $DIR/doc.rs:96:22
   |
96 | /// This test has [a link_with_underscores][chunked-example] inside it. See #823.
   |                      ^^^^^^^^^^^^^^^^^^^^^
   |
   = note: #[warn(doc_markdown)] on by default

warning: you should put `inline_link2` between ticks in the documentation
   --> $DIR/doc.rs:100:21
    |
100 | /// It can also be [inline_link2].
    |                     ^^^^^^^^^^^^
    |
    = note: #[warn(doc_markdown)] on by default

warning: you should put `be_sure_we_got_to_the_end_of_it` between ticks in the documentation
   --> $DIR/doc.rs:112:5
    |
112 | /// be_sure_we_got_to_the_end_of_it
    |     ^^^^^^^^^^^^^^^^^^^^^^^^^^^^^^^
    |
    = note: #[warn(doc_markdown)] on by default

warning: you should put `CamelCaseThing` between ticks in the documentation
   --> $DIR/doc.rs:126:22
    |
126 | /// Not a title #897 CamelCaseThing
    |                      ^^^^^^^^^^^^^^
    |
    = note: #[warn(doc_markdown)] on by default

warning: you should put `be_sure_we_got_to_the_end_of_it` between ticks in the documentation
   --> $DIR/doc.rs:128:5
    |
128 | /// be_sure_we_got_to_the_end_of_it
    |     ^^^^^^^^^^^^^^^^^^^^^^^^^^^^^^^
    |
    = note: #[warn(doc_markdown)] on by default

warning: you should put `be_sure_we_got_to_the_end_of_it` between ticks in the documentation
   --> $DIR/doc.rs:136:5
    |
136 | /// be_sure_we_got_to_the_end_of_it
    |     ^^^^^^^^^^^^^^^^^^^^^^^^^^^^^^^
    |
    = note: #[warn(doc_markdown)] on by default

warning: you should put `be_sure_we_got_to_the_end_of_it` between ticks in the documentation
   --> $DIR/doc.rs:150:5
    |
150 | /// be_sure_we_got_to_the_end_of_it
    |     ^^^^^^^^^^^^^^^^^^^^^^^^^^^^^^^
    |
    = note: #[warn(doc_markdown)] on by default

warning: you should put `FooBar` between ticks in the documentation
   --> $DIR/doc.rs:162:42
    |
162 | /** E.g. serialization of an empty list: FooBar
    |                                          ^^^^^^
    |
    = note: #[warn(doc_markdown)] on by default

warning: you should put `BarQuz` between ticks in the documentation
   --> $DIR/doc.rs:167:5
    |
167 | And BarQuz too.
    |     ^^^^^^
    |
    = note: #[warn(doc_markdown)] on by default

warning: you should put `be_sure_we_got_to_the_end_of_it` between ticks in the documentation
   --> $DIR/doc.rs:168:1
    |
168 | be_sure_we_got_to_the_end_of_it
    | ^^^^^^^^^^^^^^^^^^^^^^^^^^^^^^^
    |
    = note: #[warn(doc_markdown)] on by default

warning: you should put `FooBar` between ticks in the documentation
   --> $DIR/doc.rs:176:42
    |
176 | /** E.g. serialization of an empty list: FooBar
    |                                          ^^^^^^
    |
    = note: #[warn(doc_markdown)] on by default

warning: you should put `BarQuz` between ticks in the documentation
   --> $DIR/doc.rs:181:5
    |
181 | And BarQuz too.
    |     ^^^^^^
    |
    = note: #[warn(doc_markdown)] on by default

warning: you should put `be_sure_we_got_to_the_end_of_it` between ticks in the documentation
   --> $DIR/doc.rs:182:1
    |
182 | be_sure_we_got_to_the_end_of_it
    | ^^^^^^^^^^^^^^^^^^^^^^^^^^^^^^^
    |
    = note: #[warn(doc_markdown)] on by default

warning: you should put `be_sure_we_got_to_the_end_of_it` between ticks in the documentation
   --> $DIR/doc.rs:196:5
    |
196 | /// be_sure_we_got_to_the_end_of_it
    |     ^^^^^^^^^^^^^^^^^^^^^^^^^^^^^^^
    |
    = note: #[warn(doc_markdown)] on by default

warning: function is never used: `test_unicode`
  --> $DIR/doc.rs:93:1
   |
93 |   fn test_unicode() {
   |  _^ starting here...
94 | | }
   | |_^ ...ending here
   |
   = note: #[warn(dead_code)] on by default

warning: function is never used: `issue897`
   --> $DIR/doc.rs:130:1
    |
130 |   fn issue897() {
    |  _^ starting here...
131 | | }
    | |_^ ...ending here
    |
    = note: #[warn(dead_code)] on by default

warning: function is never used: `issue900`
   --> $DIR/doc.rs:138:1
    |
138 |   fn issue900() {
    |  _^ starting here...
139 | | }
    | |_^ ...ending here
    |
    = note: #[warn(dead_code)] on by default

warning: function is never used: `issue883`
   --> $DIR/doc.rs:152:1
    |
152 |   fn issue883() {
    |  _^ starting here...
153 | | }
    | |_^ ...ending here
    |
    = note: #[warn(dead_code)] on by default

warning: function is never used: `multiline`
   --> $DIR/doc.rs:159:1
    |
159 |   fn multiline() {
    |  _^ starting here...
160 | | }
    | |_^ ...ending here
    |
    = note: #[warn(dead_code)] on by default

warning: function is never used: `issue1073`
   --> $DIR/doc.rs:173:1
    |
173 |   fn issue1073() {
    |  _^ starting here...
174 | | }
    | |_^ ...ending here
    |
    = note: #[warn(dead_code)] on by default

warning: function is never used: `issue1073_alt`
   --> $DIR/doc.rs:187:1
    |
187 |   fn issue1073_alt() {
    |  _^ starting here...
188 | | }
    | |_^ ...ending here
    |
    = note: #[warn(dead_code)] on by default

warning: function is never used: `four_quotes`
   --> $DIR/doc.rs:198:1
    |
198 |   fn four_quotes() {
    |  _^ starting here...
199 | | }
    | |_^ ...ending here
    |
    = note: #[warn(dead_code)] on by default

