error[E0425]: cannot find function `stdout` in this scope
  --> $DIR/explicit_write.rs:32:16
   |
LL |         write!(stdout(), "test").unwrap();
   |                ^^^^^^ not found in this scope
help: possible candidate is found in another module, you can import it into scope
   |
LL | use std::io::stdout;
   |

error[E0425]: cannot find function `stdout` in this scope
  --> $DIR/explicit_write.rs:34:18
   |
LL |         writeln!(stdout(), "test").unwrap();
   |                  ^^^^^^ not found in this scope
help: possible candidate is found in another module, you can import it into scope
   |
LL | use std::io::stdout;
   |

error[E0425]: cannot find function `stdout` in this scope
  --> $DIR/explicit_write.rs:36:9
   |
LL |         stdout().write_fmt(format_args!("test")).unwrap();
   |         ^^^^^^ not found in this scope
help: possible candidate is found in another module, you can import it into scope
   |
LL | use std::io::stdout;
   |

error: aborting due to 3 previous errors

For more information about this error, try `rustc --explain E0425`.
