warning: strict comparison of f32 or f64
  --> $DIR/float_cmp.rs:43:5
   |
43 |     ONE == 1f32;
   |     ^^^^^^^^^^^
   |
   = note: #[warn(float_cmp)] on by default
help: consider comparing them within some error
   |     (ONE - 1f32).abs() < error;
note: std::f32::EPSILON and std::f64::EPSILON are available.
  --> $DIR/float_cmp.rs:43:5
   |
43 |     ONE == 1f32;
   |     ^^^^^^^^^^^

warning: strict comparison of f32 or f64
  --> $DIR/float_cmp.rs:47:5
   |
47 |     ONE == 1.0 + 0.0;
   |     ^^^^^^^^^^^^^^^^
   |
   = note: #[warn(float_cmp)] on by default
help: consider comparing them within some error
   |     (ONE - (1.0 + 0.0)).abs() < error;
note: std::f32::EPSILON and std::f64::EPSILON are available.
  --> $DIR/float_cmp.rs:47:5
   |
47 |     ONE == 1.0 + 0.0;
   |     ^^^^^^^^^^^^^^^^

warning: strict comparison of f32 or f64
  --> $DIR/float_cmp.rs:52:5
   |
52 |     ONE + ONE == ZERO + ONE + ONE;
   |     ^^^^^^^^^^^^^^^^^^^^^^^^^^^^^
   |
   = note: #[warn(float_cmp)] on by default
help: consider comparing them within some error
   |     (ONE + ONE - (ZERO + ONE + ONE)).abs() < error;
note: std::f32::EPSILON and std::f64::EPSILON are available.
  --> $DIR/float_cmp.rs:52:5
   |
52 |     ONE + ONE == ZERO + ONE + ONE;
   |     ^^^^^^^^^^^^^^^^^^^^^^^^^^^^^

warning: strict comparison of f32 or f64
  --> $DIR/float_cmp.rs:57:5
   |
57 |     ONE != 2.0;
   |     ^^^^^^^^^^
   |
   = note: #[warn(float_cmp)] on by default
help: consider comparing them within some error
   |     (ONE - 2.0).abs() < error;
note: std::f32::EPSILON and std::f64::EPSILON are available.
  --> $DIR/float_cmp.rs:57:5
   |
57 |     ONE != 2.0;
   |     ^^^^^^^^^^

warning: strict comparison of f32 or f64
  --> $DIR/float_cmp.rs:62:5
   |
62 |     twice(ONE) != ONE;
   |     ^^^^^^^^^^^^^^^^^
   |
   = note: #[warn(float_cmp)] on by default
help: consider comparing them within some error
   |     (twice(ONE) - ONE).abs() < error;
note: std::f32::EPSILON and std::f64::EPSILON are available.
  --> $DIR/float_cmp.rs:62:5
   |
62 |     twice(ONE) != ONE;
   |     ^^^^^^^^^^^^^^^^^

warning: strict comparison of f32 or f64
  --> $DIR/float_cmp.rs:66:5
   |
66 |     ONE as f64 != 2.0;
   |     ^^^^^^^^^^^^^^^^^
   |
   = note: #[warn(float_cmp)] on by default
help: consider comparing them within some error
   |     (ONE as f64 - 2.0).abs() < error;
note: std::f32::EPSILON and std::f64::EPSILON are available.
  --> $DIR/float_cmp.rs:66:5
   |
66 |     ONE as f64 != 2.0;
   |     ^^^^^^^^^^^^^^^^^

warning: strict comparison of f32 or f64
  --> $DIR/float_cmp.rs:74:5
   |
74 |     x == 1.0;
   |     ^^^^^^^^
   |
   = note: #[warn(float_cmp)] on by default
help: consider comparing them within some error
   |     (x - 1.0).abs() < error;
note: std::f32::EPSILON and std::f64::EPSILON are available.
  --> $DIR/float_cmp.rs:74:5
   |
74 |     x == 1.0;
   |     ^^^^^^^^

warning: strict comparison of f32 or f64
  --> $DIR/float_cmp.rs:80:5
   |
80 |     twice(x) != twice(ONE as f64);
   |     ^^^^^^^^^^^^^^^^^^^^^^^^^^^^^
   |
   = note: #[warn(float_cmp)] on by default
help: consider comparing them within some error
   |     (twice(x) - twice(ONE as f64)).abs() < error;
note: std::f32::EPSILON and std::f64::EPSILON are available.
  --> $DIR/float_cmp.rs:80:5
   |
80 |     twice(x) != twice(ONE as f64);
   |     ^^^^^^^^^^^^^^^^^^^^^^^^^^^^^

