error: casting *pointer* to function `foo` as `i8`, which truncates the value
  --> $DIR/fn_to_numeric_cast_32bit.rs:14:13
   |
LL |     let _ = foo as i8;
   |             ^^^^^^^^^ help: try: `foo() as i8`
   |
   = note: `-D clippy::fn-to-numeric-cast-with-truncation` implied by `-D warnings`

error: casting *pointer* to function `foo` as `i16`, which truncates the value
  --> $DIR/fn_to_numeric_cast_32bit.rs:15:13
   |
LL |     let _ = foo as i16;
   |             ^^^^^^^^^^ help: try: `foo() as i16`

error: casting *pointer* to function `foo` as `i32`, which truncates the value
  --> $DIR/fn_to_numeric_cast_32bit.rs:16:13
   |
LL |     let _ = foo as i32;
   |             ^^^^^^^^^^ help: try: `foo() as i32`

error: casting *pointer* to function `foo` as `i64`
  --> $DIR/fn_to_numeric_cast_32bit.rs:17:13
   |
LL |     let _ = foo as i64;
   |             ^^^^^^^^^^ help: try: `foo() as i64`
   |
   = note: `-D clippy::fn-to-numeric-cast` implied by `-D warnings`

error: casting *pointer* to function `foo` as `i128`
  --> $DIR/fn_to_numeric_cast_32bit.rs:18:13
   |
LL |     let _ = foo as i128;
   |             ^^^^^^^^^^^ help: try: `foo() as i128`

error: casting *pointer* to function `foo` as `isize`
  --> $DIR/fn_to_numeric_cast_32bit.rs:19:13
   |
LL |     let _ = foo as isize;
   |             ^^^^^^^^^^^^ help: try: `foo() as isize`

error: casting *pointer* to function `foo` as `u8`, which truncates the value
  --> $DIR/fn_to_numeric_cast_32bit.rs:21:13
   |
LL |     let _ = foo as u8;
   |             ^^^^^^^^^ help: try: `foo() as u8`

error: casting *pointer* to function `foo` as `u16`, which truncates the value
  --> $DIR/fn_to_numeric_cast_32bit.rs:22:13
   |
LL |     let _ = foo as u16;
   |             ^^^^^^^^^^ help: try: `foo() as u16`

error: casting *pointer* to function `foo` as `u32`, which truncates the value
  --> $DIR/fn_to_numeric_cast_32bit.rs:23:13
   |
LL |     let _ = foo as u32;
   |             ^^^^^^^^^^ help: try: `foo() as u32`

error: casting *pointer* to function `foo` as `u64`
  --> $DIR/fn_to_numeric_cast_32bit.rs:24:13
   |
LL |     let _ = foo as u64;
   |             ^^^^^^^^^^ help: try: `foo() as u64`

error: casting *pointer* to function `foo` as `u128`
  --> $DIR/fn_to_numeric_cast_32bit.rs:25:13
   |
LL |     let _ = foo as u128;
   |             ^^^^^^^^^^^ help: try: `foo() as u128`

error: casting *pointer* to function `foo` as `usize`
  --> $DIR/fn_to_numeric_cast_32bit.rs:26:13
   |
LL |     let _ = foo as usize;
   |             ^^^^^^^^^^^^ help: try: `foo() as usize`
   |
   = note: `-D clippy::fn-to-numeric-cast-usize` implied by `-D warnings`

error: casting function pointer `abc` to `i8`, which truncates the value
  --> $DIR/fn_to_numeric_cast_32bit.rs:39:13
   |
LL |     let _ = abc as i8;
   |             ^^^^^^^^^ help: try: `abc as usize`

error: casting function pointer `abc` to `i16`, which truncates the value
  --> $DIR/fn_to_numeric_cast_32bit.rs:40:13
   |
LL |     let _ = abc as i16;
   |             ^^^^^^^^^^ help: try: `abc as usize`

error: casting function pointer `abc` to `i32`, which truncates the value
  --> $DIR/fn_to_numeric_cast_32bit.rs:41:13
   |
LL |     let _ = abc as i32;
   |             ^^^^^^^^^^ help: try: `abc as usize`

error: casting function pointer `abc` to `i64`
  --> $DIR/fn_to_numeric_cast_32bit.rs:42:13
   |
LL |     let _ = abc as i64;
   |             ^^^^^^^^^^ help: try: `abc as usize`

error: casting function pointer `abc` to `i128`
  --> $DIR/fn_to_numeric_cast_32bit.rs:43:13
   |
LL |     let _ = abc as i128;
   |             ^^^^^^^^^^^ help: try: `abc as usize`

error: casting function pointer `abc` to `isize`
  --> $DIR/fn_to_numeric_cast_32bit.rs:44:13
   |
LL |     let _ = abc as isize;
   |             ^^^^^^^^^^^^ help: try: `abc as usize`

error: casting function pointer `abc` to `u8`, which truncates the value
  --> $DIR/fn_to_numeric_cast_32bit.rs:46:13
   |
LL |     let _ = abc as u8;
   |             ^^^^^^^^^ help: try: `abc as usize`

error: casting function pointer `abc` to `u16`, which truncates the value
  --> $DIR/fn_to_numeric_cast_32bit.rs:47:13
   |
LL |     let _ = abc as u16;
   |             ^^^^^^^^^^ help: try: `abc as usize`

error: casting function pointer `abc` to `u32`, which truncates the value
  --> $DIR/fn_to_numeric_cast_32bit.rs:48:13
   |
LL |     let _ = abc as u32;
   |             ^^^^^^^^^^ help: try: `abc as usize`

error: casting function pointer `abc` to `u64`
  --> $DIR/fn_to_numeric_cast_32bit.rs:49:13
   |
LL |     let _ = abc as u64;
   |             ^^^^^^^^^^ help: try: `abc as usize`

error: casting function pointer `abc` to `u128`
  --> $DIR/fn_to_numeric_cast_32bit.rs:50:13
   |
LL |     let _ = abc as u128;
   |             ^^^^^^^^^^^ help: try: `abc as usize`

error: casting function pointer `f` to `i32`, which truncates the value
  --> $DIR/fn_to_numeric_cast_32bit.rs:57:5
   |
LL |     f as i32
   |     ^^^^^^^^ help: try: `f as usize`

error: aborting due to 24 previous errors

