warning: for loop over `option`, which is an `Option`. This is more readably written as an `if let` statement.
  --> $DIR/for_loop.rs:18:14
   |
18 |     for x in option {
   |              ^^^^^^
   |
   = note: #[warn(for_loop_over_option)] on by default
   = help: consider replacing `for x in option` with `if let Some(x) = option`

warning: for loop over `result`, which is a `Result`. This is more readably written as an `if let` statement.
  --> $DIR/for_loop.rs:26:14
   |
26 |     for x in result {
   |              ^^^^^^
   |
   = note: #[warn(for_loop_over_result)] on by default
   = help: consider replacing `for x in result` with `if let Ok(x) = result`

warning: for loop over `option.ok_or("x not found")`, which is a `Result`. This is more readably written as an `if let` statement.
  --> $DIR/for_loop.rs:32:14
   |
32 |     for x in option.ok_or("x not found") {
   |              ^^^^^^^^^^^^^^^^^^^^^^^^^^^
   |
   = note: #[warn(for_loop_over_result)] on by default
   = help: consider replacing `for x in option.ok_or("x not found")` with `if let Ok(x) = option.ok_or("x not found")`

warning: you are iterating over `Iterator::next()` which is an Option; this will compile but is probably not what you want
  --> $DIR/for_loop.rs:40:5
   |
40 |       for x in v.iter().next() {
   |  _____^ starting here...
41 | |
42 | |         println!("{}", x);
43 | |     }
   | |_____^ ...ending here
   |
   = note: #[warn(iter_next_loop)] on by default

warning: for loop over `v.iter().next().and(Some(0))`, which is an `Option`. This is more readably written as an `if let` statement.
  --> $DIR/for_loop.rs:47:14
   |
47 |     for x in v.iter().next().and(Some(0)) {
   |              ^^^^^^^^^^^^^^^^^^^^^^^^^^^^
   |
   = note: #[warn(for_loop_over_option)] on by default
   = help: consider replacing `for x in v.iter().next().and(Some(0))` with `if let Some(x) = v.iter().next().and(Some(0))`

warning: for loop over `v.iter().next().ok_or("x not found")`, which is a `Result`. This is more readably written as an `if let` statement.
  --> $DIR/for_loop.rs:53:14
   |
53 |     for x in v.iter().next().ok_or("x not found") {
   |              ^^^^^^^^^^^^^^^^^^^^^^^^^^^^^^^^^^^^
   |
   = note: #[warn(for_loop_over_result)] on by default
   = help: consider replacing `for x in v.iter().next().ok_or("x not found")` with `if let Ok(x) = v.iter().next().ok_or("x not found")`

warning: the loop variable `i` is only used to index `vec`.
   --> $DIR/for_loop.rs:99:5
    |
99  |       for i in 0..vec.len() {
    |  _____^ starting here...
100 | |
101 | |
102 | |
103 | |
104 | |         println!("{}", vec[i]);
105 | |     }
    | |_____^ ...ending here
    |
    = note: #[warn(needless_range_loop)] on by default
help: consider using an iterator
    |     for <item> in &vec {

warning: unused variable: `i`
   --> $DIR/for_loop.rs:107:9
    |
107 |     for i in 0..vec.len() {
    |         ^
    |
    = note: #[warn(unused_variables)] on by default

warning: the loop variable `i` is only used to index `vec`.
   --> $DIR/for_loop.rs:113:5
    |
113 |     for i in 0..vec.len() { let _ = vec[i]; }
    |     ^^^^^^^^^^^^^^^^^^^^^^^^^^^^^^^^^^^^^^^^^
    |
    = note: #[warn(needless_range_loop)] on by default
help: consider using an iterator
    |     for <item> in &vec { let _ = vec[i]; }

warning: the loop variable `j` is only used to index `STATIC`.
   --> $DIR/for_loop.rs:120:5
    |
120 |       for j in 0..4 {
    |  _____^ starting here...
121 | |
122 | |
123 | |
124 | |
125 | |         println!("{:?}", STATIC[j]);
126 | |     }
    | |_____^ ...ending here
    |
    = note: #[warn(needless_range_loop)] on by default
help: consider using an iterator
    |     for <item> in STATIC.iter().take(4) {

warning: the loop variable `j` is only used to index `CONST`.
   --> $DIR/for_loop.rs:128:5
    |
128 |       for j in 0..4 {
    |  _____^ starting here...
129 | |
130 | |
131 | |
132 | |
133 | |         println!("{:?}", CONST[j]);
134 | |     }
    | |_____^ ...ending here
    |
    = note: #[warn(needless_range_loop)] on by default
help: consider using an iterator
    |     for <item> in CONST.iter().take(4) {

warning: the loop variable `i` is used to index `vec`
   --> $DIR/for_loop.rs:136:5
    |
136 |       for i in 0..vec.len() {
    |  _____^ starting here...
137 | |
138 | |
139 | |
140 | |
141 | |         println!("{} {}", vec[i], i);
142 | |     }
    | |_____^ ...ending here
    |
    = note: #[warn(needless_range_loop)] on by default
help: consider using an iterator
    |     for (i, <item>) in vec.iter().enumerate() {

warning: the loop variable `i` is only used to index `vec2`.
   --> $DIR/for_loop.rs:147:5
    |
147 |       for i in 0..vec.len() {
    |  _____^ starting here...
148 | |
149 | |
150 | |
151 | |
152 | |         println!("{}", vec2[i]);
153 | |     }
    | |_____^ ...ending here
    |
    = note: #[warn(needless_range_loop)] on by default
help: consider using an iterator
    |     for <item> in vec2.iter().take(vec.len()) {

warning: the loop variable `i` is only used to index `vec`.
   --> $DIR/for_loop.rs:155:5
    |
155 |       for i in 5..vec.len() {
    |  _____^ starting here...
156 | |
157 | |
158 | |
159 | |
160 | |         println!("{}", vec[i]);
161 | |     }
    | |_____^ ...ending here
    |
    = note: #[warn(needless_range_loop)] on by default
help: consider using an iterator
    |     for <item> in vec.iter().skip(5) {

warning: the loop variable `i` is only used to index `vec`.
   --> $DIR/for_loop.rs:163:5
    |
163 |       for i in 0..MAX_LEN {
    |  _____^ starting here...
164 | |
165 | |
166 | |
167 | |
168 | |         println!("{}", vec[i]);
169 | |     }
    | |_____^ ...ending here
    |
    = note: #[warn(needless_range_loop)] on by default
help: consider using an iterator
    |     for <item> in vec.iter().take(MAX_LEN) {

warning: the loop variable `i` is only used to index `vec`.
   --> $DIR/for_loop.rs:171:5
    |
171 |       for i in 0...MAX_LEN {
    |  _____^ starting here...
172 | |
173 | |
174 | |
175 | |
176 | |         println!("{}", vec[i]);
177 | |     }
    | |_____^ ...ending here
    |
    = note: #[warn(needless_range_loop)] on by default
help: consider using an iterator
    |     for <item> in vec.iter().take(MAX_LEN + 1) {

warning: the loop variable `i` is only used to index `vec`.
   --> $DIR/for_loop.rs:179:5
    |
179 |       for i in 5..10 {
    |  _____^ starting here...
180 | |
181 | |
182 | |
183 | |
184 | |         println!("{}", vec[i]);
185 | |     }
    | |_____^ ...ending here
    |
    = note: #[warn(needless_range_loop)] on by default
help: consider using an iterator
    |     for <item> in vec.iter().take(10).skip(5) {

warning: the loop variable `i` is only used to index `vec`.
   --> $DIR/for_loop.rs:187:5
    |
187 |       for i in 5...10 {
    |  _____^ starting here...
188 | |
189 | |
190 | |
191 | |
192 | |         println!("{}", vec[i]);
193 | |     }
    | |_____^ ...ending here
    |
    = note: #[warn(needless_range_loop)] on by default
help: consider using an iterator
    |     for <item> in vec.iter().take(10 + 1).skip(5) {

warning: the loop variable `i` is used to index `vec`
   --> $DIR/for_loop.rs:195:5
    |
195 |       for i in 5..vec.len() {
    |  _____^ starting here...
196 | |
197 | |
198 | |
199 | |
200 | |         println!("{} {}", vec[i], i);
201 | |     }
    | |_____^ ...ending here
    |
    = note: #[warn(needless_range_loop)] on by default
help: consider using an iterator
    |     for (i, <item>) in vec.iter().enumerate().skip(5) {

warning: the loop variable `i` is used to index `vec`
   --> $DIR/for_loop.rs:203:5
    |
203 |       for i in 5..10 {
    |  _____^ starting here...
204 | |
205 | |
206 | |
207 | |
208 | |         println!("{} {}", vec[i], i);
209 | |     }
    | |_____^ ...ending here
    |
    = note: #[warn(needless_range_loop)] on by default
help: consider using an iterator
    |     for (i, <item>) in vec.iter().enumerate().take(10).skip(5) {

warning: this range is empty so this for loop will never run
   --> $DIR/for_loop.rs:211:5
    |
211 |       for i in 10..0 {
    |  _____^ starting here...
212 | |
213 | |
214 | |
215 | |         println!("{}", i);
216 | |     }
    | |_____^ ...ending here
    |
    = note: #[warn(reverse_range_loop)] on by default
help: consider using the following if you are attempting to iterate over this range in reverse
    |     for i in (0..10).rev() {

warning: this range is empty so this for loop will never run
   --> $DIR/for_loop.rs:218:5
    |
218 |       for i in 10...0 {
    |  _____^ starting here...
219 | |
220 | |
221 | |
222 | |         println!("{}", i);
223 | |     }
    | |_____^ ...ending here
    |
    = note: #[warn(reverse_range_loop)] on by default
help: consider using the following if you are attempting to iterate over this range in reverse
    |     for i in (0...10).rev() {

warning: this range is empty so this for loop will never run
   --> $DIR/for_loop.rs:225:5
    |
225 |       for i in MAX_LEN..0 {
    |  _____^ starting here...
226 | |
227 | |
228 | |         println!("{}", i);
229 | |     }
    | |_____^ ...ending here
    |
    = note: #[warn(reverse_range_loop)] on by default
help: consider using the following if you are attempting to iterate over this range in reverse
    |     for i in (0..MAX_LEN).rev() {

warning: this range is empty so this for loop will never run
   --> $DIR/for_loop.rs:231:5
    |
231 |       for i in 5..5 {
    |  _____^ starting here...
232 | |         println!("{}", i);
233 | |     }
    | |_____^ ...ending here
    |
    = note: #[warn(reverse_range_loop)] on by default

warning: this range is empty so this for loop will never run
   --> $DIR/for_loop.rs:252:5
    |
252 |       for i in 10..5+4 {
    |  _____^ starting here...
253 | |
254 | |
255 | |
256 | |         println!("{}", i);
257 | |     }
    | |_____^ ...ending here
    |
    = note: #[warn(reverse_range_loop)] on by default
help: consider using the following if you are attempting to iterate over this range in reverse
    |     for i in (5+4..10).rev() {

warning: this range is empty so this for loop will never run
   --> $DIR/for_loop.rs:259:5
    |
259 |       for i in (5+2)..(3-1) {
    |  _____^ starting here...
260 | |
261 | |
262 | |
263 | |         println!("{}", i);
264 | |     }
    | |_____^ ...ending here
    |
    = note: #[warn(reverse_range_loop)] on by default
help: consider using the following if you are attempting to iterate over this range in reverse
    |     for i in ((3-1)..(5+2)).rev() {

warning: this range is empty so this for loop will never run
   --> $DIR/for_loop.rs:266:5
    |
266 |       for i in (5+2)..(8-1) {
    |  _____^ starting here...
267 | |         println!("{}", i);
268 | |     }
    | |_____^ ...ending here
    |
    = note: #[warn(reverse_range_loop)] on by default

warning: it is more idiomatic to loop over `&vec` instead of `vec.iter()`
   --> $DIR/for_loop.rs:289:15
    |
289 |     for _v in vec.iter() { }
    |               ^^^^^^^^^^
    |
    = note: #[warn(explicit_iter_loop)] on by default
help: to write this more concisely, try looping over
    |     for _v in &vec { }

warning: it is more idiomatic to loop over `&mut vec` instead of `vec.iter_mut()`
   --> $DIR/for_loop.rs:294:15
    |
294 |     for _v in vec.iter_mut() { }
    |               ^^^^^^^^^^^^^^
    |
    = note: #[warn(explicit_iter_loop)] on by default
help: to write this more concisely, try looping over
    |     for _v in &mut vec { }

warning: it is more idiomatic to loop over `out_vec` instead of `out_vec.into_iter()`
   --> $DIR/for_loop.rs:300:15
    |
300 |     for _v in out_vec.into_iter() { }
    |               ^^^^^^^^^^^^^^^^^^^
    |
    = note: #[warn(explicit_into_iter_loop)] on by default
help: to write this more concisely, try looping over
    |     for _v in out_vec { }

warning: it is more idiomatic to loop over `&[1, 2, 3]` instead of `[1, 2, 3].iter()`
   --> $DIR/for_loop.rs:308:15
    |
308 |     for _v in [1, 2, 3].iter() { }
    |               ^^^^^^^^^^^^^^^^
    |
    = note: #[warn(explicit_iter_loop)] on by default
help: to write this more concisely, try looping over
    |     for _v in &[1, 2, 3] { }

warning: it is more idiomatic to loop over `&[0; 32]` instead of `[0; 32].iter()`
   --> $DIR/for_loop.rs:315:15
    |
315 |     for _v in [0; 32].iter() {}
    |               ^^^^^^^^^^^^^^
    |
    = note: #[warn(explicit_iter_loop)] on by default
help: to write this more concisely, try looping over
    |     for _v in &[0; 32] {}

warning: it is more idiomatic to loop over `&ll` instead of `ll.iter()`
   --> $DIR/for_loop.rs:323:15
    |
323 |     for _v in ll.iter() { }
    |               ^^^^^^^^^
    |
    = note: #[warn(explicit_iter_loop)] on by default
help: to write this more concisely, try looping over
    |     for _v in &ll { }

warning: it is more idiomatic to loop over `&vd` instead of `vd.iter()`
   --> $DIR/for_loop.rs:329:15
    |
329 |     for _v in vd.iter() { }
    |               ^^^^^^^^^
    |
    = note: #[warn(explicit_iter_loop)] on by default
help: to write this more concisely, try looping over
    |     for _v in &vd { }

warning: it is more idiomatic to loop over `&bh` instead of `bh.iter()`
   --> $DIR/for_loop.rs:335:15
    |
335 |     for _v in bh.iter() { }
    |               ^^^^^^^^^
    |
    = note: #[warn(explicit_iter_loop)] on by default
help: to write this more concisely, try looping over
    |     for _v in &bh { }

warning: it is more idiomatic to loop over `&hm` instead of `hm.iter()`
   --> $DIR/for_loop.rs:341:15
    |
341 |     for _v in hm.iter() { }
    |               ^^^^^^^^^
    |
    = note: #[warn(explicit_iter_loop)] on by default
help: to write this more concisely, try looping over
    |     for _v in &hm { }

warning: it is more idiomatic to loop over `&bt` instead of `bt.iter()`
   --> $DIR/for_loop.rs:347:15
    |
347 |     for _v in bt.iter() { }
    |               ^^^^^^^^^
    |
    = note: #[warn(explicit_iter_loop)] on by default
help: to write this more concisely, try looping over
    |     for _v in &bt { }

warning: it is more idiomatic to loop over `&hs` instead of `hs.iter()`
   --> $DIR/for_loop.rs:353:15
    |
353 |     for _v in hs.iter() { }
    |               ^^^^^^^^^
    |
    = note: #[warn(explicit_iter_loop)] on by default
help: to write this more concisely, try looping over
    |     for _v in &hs { }

warning: it is more idiomatic to loop over `&bs` instead of `bs.iter()`
   --> $DIR/for_loop.rs:359:15
    |
359 |     for _v in bs.iter() { }
    |               ^^^^^^^^^
    |
    = note: #[warn(explicit_iter_loop)] on by default
help: to write this more concisely, try looping over
    |     for _v in &bs { }

warning: you are iterating over `Iterator::next()` which is an Option; this will compile but is probably not what you want
   --> $DIR/for_loop.rs:365:5
    |
365 |     for _v in vec.iter().next() { }
    |     ^^^^^^^^^^^^^^^^^^^^^^^^^^^^^^^
    |
    = note: #[warn(iter_next_loop)] on by default

warning: you are collect()ing an iterator and throwing away the result. Consider using an explicit for loop to exhaust the iterator
   --> $DIR/for_loop.rs:372:5
    |
372 |     vec.iter().map(|x| out.push(x)).collect::<Vec<_>>();
    |     ^^^^^^^^^^^^^^^^^^^^^^^^^^^^^^^^^^^^^^^^^^^^^^^^^^^
    |
    = note: #[warn(unused_collect)] on by default

warning: the variable `_index` is used as a loop counter. Consider using `for (_index, item) in &vec.enumerate()` or similar iterators
   --> $DIR/for_loop.rs:377:5
    |
377 |     for _v in &vec { _index += 1 }
    |     ^^^^^^^^^^^^^^^^^^^^^^^^^^^^^^
    |
    = note: #[warn(explicit_counter_loop)] on by default

warning: the variable `_index` is used as a loop counter. Consider using `for (_index, item) in &vec.enumerate()` or similar iterators
   --> $DIR/for_loop.rs:381:5
    |
381 |     for _v in &vec { _index += 1 }
    |     ^^^^^^^^^^^^^^^^^^^^^^^^^^^^^^
    |
    = note: #[warn(explicit_counter_loop)] on by default

warning: you seem to want to iterate on a map's values
   --> $DIR/for_loop.rs:441:5
    |
441 |       for (_, v) in &m {
    |  _____^ starting here...
442 | |
443 | |
444 | |
445 | |
446 | |         let _v = v;
447 | |     }
    | |_____^ ...ending here
    |
    = note: #[warn(for_kv_map)] on by default
help: use the corresponding method
    |     for v in m.values() {

warning: you seem to want to iterate on a map's values
   --> $DIR/for_loop.rs:450:5
    |
450 |       for (_, v) in &*m {
    |  _____^ starting here...
451 | |
452 | |
453 | |
454 | |
455 | |         let _v = v;
456 | |         // Here the `*` is not actually necesarry, but the test tests that we don't suggest
457 | |         // `in *m.values()` as we used to
458 | |     }
    | |_____^ ...ending here
    |
    = note: #[warn(for_kv_map)] on by default
help: use the corresponding method
    |     for v in (*m).values() {

warning: you seem to want to iterate on a map's values
   --> $DIR/for_loop.rs:461:5
    |
461 |       for (_, v) in &mut m {
    |  _____^ starting here...
462 | |
463 | |
464 | |
465 | |
466 | |         let _v = v;
467 | |     }
    | |_____^ ...ending here
    |
    = note: #[warn(for_kv_map)] on by default
help: use the corresponding method
    |     for v in m.values_mut() {

warning: you seem to want to iterate on a map's values
   --> $DIR/for_loop.rs:470:5
    |
470 |       for (_, v) in &mut *m {
    |  _____^ starting here...
471 | |
472 | |
473 | |
474 | |
475 | |         let _v = v;
476 | |     }
    | |_____^ ...ending here
    |
    = note: #[warn(for_kv_map)] on by default
help: use the corresponding method
    |     for v in (*m).values_mut() {

warning: you seem to want to iterate on a map's keys
   --> $DIR/for_loop.rs:480:5
    |
480 |       for (k, _value) in rm {
    |  _____^ starting here...
481 | |
482 | |
483 | |
484 | |
485 | |         let _k = k;
486 | |     }
    | |_____^ ...ending here
    |
    = note: #[warn(for_kv_map)] on by default
help: use the corresponding method
    |     for k in rm.keys() {

