warning: redundant pattern matching, consider using `is_ok()`
 --> $DIR/if_let_redundant_pattern_matching.rs:9:12
  |
9 |     if let Ok(_) = Ok::<i32, i32>(42) {}
  |            ^^^^^
  |
  = note: #[warn(if_let_redundant_pattern_matching)] on by default
help: try this
  |     if Ok::<i32, i32>(42).is_ok() {}

warning: redundant pattern matching, consider using `is_err()`
  --> $DIR/if_let_redundant_pattern_matching.rs:14:12
   |
14 |     if let Err(_) = Err::<i32, i32>(42) {
   |            ^^^^^^
   |
   = note: #[warn(if_let_redundant_pattern_matching)] on by default
help: try this
   |     if Err::<i32, i32>(42).is_err() {

warning: redundant pattern matching, consider using `is_none()`
  --> $DIR/if_let_redundant_pattern_matching.rs:20:12
   |
20 |     if let None = None::<()> {
   |            ^^^^
   |
   = note: #[warn(if_let_redundant_pattern_matching)] on by default
help: try this
   |     if None::<()>.is_none() {

warning: redundant pattern matching, consider using `is_some()`
  --> $DIR/if_let_redundant_pattern_matching.rs:26:12
   |
26 |     if let Some(_) = Some(42) {
   |            ^^^^^^^
   |
   = note: #[warn(if_let_redundant_pattern_matching)] on by default
help: try this
   |     if Some(42).is_some() {

