warning: this let-binding has unit value. Consider omitting `let _x =`
  --> $DIR/let_unit.rs:14:5
   |
14 |     let _x = println!("x");
   |     ^^^^^^^^^^^^^^^^^^^^^^^
   |
   = note: #[warn(let_unit_value)] on by default

warning: this let-binding has unit value. Consider omitting `let _a =`
  --> $DIR/let_unit.rs:18:9
   |
18 |         let _a = ();
   |         ^^^^^^^^^^^^
   |
   = note: #[warn(let_unit_value)] on by default

