warning: `if _ { .. } else { .. }` is an expression
  --> $DIR/let_if_seq.rs:57:5
   |
57 |       let mut foo = 0;
   |  _____^ starting here...
58 | |
59 | |
60 | |
61 | |     if f() {
62 | |         foo = 42;
63 | |     }
   | |_____^ ...ending here
   |
   = note: #[warn(useless_let_if_seq)] on by default
help: it is more idiomatic to write
   |     let <mut> foo = if f() { 42 } else { 0 };
   = note: you might not need `mut` at all

warning: `if _ { .. } else { .. }` is an expression
  --> $DIR/let_if_seq.rs:65:5
   |
65 |     let mut bar = 0;
   |     ^
   |
   = note: #[warn(useless_let_if_seq)] on by default
help: it is more idiomatic to write
   |     let <mut> bar = if f() { ..; 42 } else { ..; 0 };
   = note: you might not need `mut` at all

warning: `if _ { .. } else { .. }` is an expression
  --> $DIR/let_if_seq.rs:77:5
   |
77 |     let quz;
   |     ^
   |
   = note: #[warn(useless_let_if_seq)] on by default
help: it is more idiomatic to write
   |     let quz = if f() { 42 } else { 0 };

warning: `if _ { .. } else { .. }` is an expression
   --> $DIR/let_if_seq.rs:111:5
    |
111 |       let mut baz = 0;
    |  _____^ starting here...
112 | |
113 | |
114 | |
115 | |     if f() {
116 | |         baz = 42;
117 | |     }
    | |_____^ ...ending here
    |
    = note: #[warn(useless_let_if_seq)] on by default
help: it is more idiomatic to write
    |     let <mut> baz = if f() { 42 } else { 0 };
    = note: you might not need `mut` at all

