error[E0433]: failed to resolve: use of undeclared type or module `mem`
  --> $DIR/mem_replace.rs:5:13
   |
LL |     let _ = mem::replace(&mut an_option, None);
   |             ^^^ use of undeclared type or module `mem`

error[E0433]: failed to resolve: use of undeclared type or module `mem`
  --> $DIR/mem_replace.rs:7:13
   |
LL |     let _ = mem::replace(an_option, None);
   |             ^^^ use of undeclared type or module `mem`

error: aborting due to 2 previous errors

For more information about this error, try `rustc --explain E0433`.
