warning: module has the same name as its containing module
 --> $DIR/module_inception.rs:7:9
  |
7 |           mod bar {
  |  _________^ starting here...
8 | |             mod foo {}
9 | |         }
  | |_________^ ...ending here
  |
  = note: #[warn(module_inception)] on by default

warning: module has the same name as its containing module
  --> $DIR/module_inception.rs:12:5
   |
12 |       mod foo {
   |  _____^ starting here...
13 | |         mod bar {}
14 | |     }
   | |_____^ ...ending here
   |
   = note: #[warn(module_inception)] on by default

