warning: this expression borrows a reference that is immediately dereferenced by the compiler
  --> $DIR/needless_borrow.rs:13:15
   |
13 |     let c = x(&&a);
   |               ^^^
   |
   = note: #[warn(needless_borrow)] on by default

warning: this pattern creates a reference to a reference
  --> $DIR/needless_borrow.rs:20:17
   |
20 |     if let Some(ref cake) = Some(&5) {}
   |                 ^^^^^^^^
   |
   = note: #[warn(needless_borrow)] on by default

warning: this pattern creates a reference to a reference
  --> $DIR/needless_borrow.rs:41:31
   |
41 |     let _ = v.iter().filter(|&ref a| a.is_empty());
   |                               ^^^^^
   |
   = note: #[warn(needless_borrow)] on by default

