warning: Negation by multiplying with -1
  --> $DIR/neg_multiply.rs:30:5
   |
30 |     x * -1;
   |     ^^^^^^
   |
   = note: #[warn(neg_multiply)] on by default

warning: Negation by multiplying with -1
  --> $DIR/neg_multiply.rs:33:5
   |
33 |     -1 * x;
   |     ^^^^^^
   |
   = note: #[warn(neg_multiply)] on by default

