warning: Matching on `Some` with `ok()` is redundant
  --> $DIR/ok_if_let.rs:7:5
   |
7  |       if let Some(y) = x.parse().ok() { 
   |  _____^ starting here...
8  | |
9  | |         y
10 | |     } else {
11 | |         0
12 | |     }
   | |_____^ ...ending here
   |
   = note: #[warn(if_let_some_result)] on by default
   = help: Consider matching on `Ok(y)` and removing the call to `ok` instead

