warning: You are trying to use classic C overflow conditions that will fail in Rust.
  --> $DIR/overflow_check_conditional.rs:11:5
   |
11 | \tif a + b < a {
   | \t   ^^^^^^^^^
   |
   = note: #[warn(overflow_check_conditional)] on by default

warning: You are trying to use classic C overflow conditions that will fail in Rust.
  --> $DIR/overflow_check_conditional.rs:14:5
   |
14 | \tif a > a + b {
   | \t   ^^^^^^^^^
   |
   = note: #[warn(overflow_check_conditional)] on by default

warning: You are trying to use classic C overflow conditions that will fail in Rust.
  --> $DIR/overflow_check_conditional.rs:17:5
   |
17 | \tif a + b < b {
   | \t   ^^^^^^^^^
   |
   = note: #[warn(overflow_check_conditional)] on by default

warning: You are trying to use classic C overflow conditions that will fail in Rust.
  --> $DIR/overflow_check_conditional.rs:20:5
   |
20 | \tif b > a + b {
   | \t   ^^^^^^^^^
   |
   = note: #[warn(overflow_check_conditional)] on by default

warning: You are trying to use classic C underflow conditions that will fail in Rust.
  --> $DIR/overflow_check_conditional.rs:23:5
   |
23 | \tif a - b > b {
   | \t   ^^^^^^^^^
   |
   = note: #[warn(overflow_check_conditional)] on by default

warning: You are trying to use classic C underflow conditions that will fail in Rust.
  --> $DIR/overflow_check_conditional.rs:26:5
   |
26 | \tif b < a - b {
   | \t   ^^^^^^^^^
   |
   = note: #[warn(overflow_check_conditional)] on by default

warning: You are trying to use classic C underflow conditions that will fail in Rust.
  --> $DIR/overflow_check_conditional.rs:29:5
   |
29 | \tif a - b > a {
   | \t   ^^^^^^^^^
   |
   = note: #[warn(overflow_check_conditional)] on by default

warning: You are trying to use classic C underflow conditions that will fail in Rust.
  --> $DIR/overflow_check_conditional.rs:32:5
   |
32 | \tif a < a - b {
   | \t   ^^^^^^^^^
   |
   = note: #[warn(overflow_check_conditional)] on by default

warning: this expression will panic at run-time
  --> $DIR/overflow_check_conditional.rs:23:5
   |
23 | \tif a - b > b {
   | \t   ^^^^^ attempt to subtract with overflow

warning: this expression will panic at run-time
  --> $DIR/overflow_check_conditional.rs:26:9
   |
26 | \tif b < a - b {
   | \t       ^^^^^ attempt to subtract with overflow

warning: this expression will panic at run-time
  --> $DIR/overflow_check_conditional.rs:29:5
   |
29 | \tif a - b > a {
   | \t   ^^^^^ attempt to subtract with overflow

warning: this expression will panic at run-time
  --> $DIR/overflow_check_conditional.rs:32:9
   |
32 | \tif a < a - b {
   | \t       ^^^^^ attempt to subtract with overflow

warning: this expression will panic at run-time
  --> $DIR/overflow_check_conditional.rs:41:5
   |
41 | \tif a - b < c {
   | \t   ^^^^^ attempt to subtract with overflow

warning: this expression will panic at run-time
  --> $DIR/overflow_check_conditional.rs:44:9
   |
44 | \tif c > a - b {
   | \t       ^^^^^ attempt to subtract with overflow

