warning: the `y @ _` pattern can be written as just `y`
  --> $DIR/patterns.rs:10:9
   |
10 |         y @ _   => (),
   |         ^^^^^
   |
   = note: #[warn(redundant_pattern)] on by default

