warning: use of `Debug`-based formatting
  --> $DIR/print.rs:12:27
   |
12 |         write!(f, "{:?}", 43.1415)
   |                           ^^^^^^^
   |
note: lint level defined here
  --> $DIR/print.rs:3:23
   |
3  | #![warn(print_stdout, use_debug)]
   |                       ^^^^^^^^^

warning: use of `println!`
  --> $DIR/print.rs:25:5
   |
25 |     println!("Hello");
   |     ^^^^^^^^^^^^^^^^^^
   |
note: lint level defined here
  --> $DIR/print.rs:3:9
   |
3  | #![warn(print_stdout, use_debug)]
   |         ^^^^^^^^^^^^

warning: use of `print!`
  --> $DIR/print.rs:26:5
   |
26 |     print!("Hello");
   |     ^^^^^^^^^^^^^^^^

warning: use of `print!`
  --> $DIR/print.rs:28:5
   |
28 |     print!("Hello {}", "World");
   |     ^^^^^^^^^^^^^^^^^^^^^^^^^^^^

warning: use of `print!`
  --> $DIR/print.rs:30:5
   |
30 |     print!("Hello {:?}", "World");
   |     ^^^^^^^^^^^^^^^^^^^^^^^^^^^^^^

warning: use of `Debug`-based formatting
  --> $DIR/print.rs:30:26
   |
30 |     print!("Hello {:?}", "World");
   |                          ^^^^^^^

warning: use of `print!`
  --> $DIR/print.rs:34:5
   |
34 |     print!("Hello {:#?}", "#orld");
   |     ^^^^^^^^^^^^^^^^^^^^^^^^^^^^^^^

warning: use of `Debug`-based formatting
  --> $DIR/print.rs:34:27
   |
34 |     print!("Hello {:#?}", "#orld");
   |                           ^^^^^^^

