warning: item name starts with its containing module's name
 --> $DIR/stutter.rs:8:5
  |
8 |     pub fn foo_bar() {}
  |     ^^^^^^^^^^^^^^^^^^^
  |
note: lint level defined here
 --> $DIR/stutter.rs:3:9
  |
3 | #![warn(stutter)]
  |         ^^^^^^^

warning: item name ends with its containing module's name
 --> $DIR/stutter.rs:9:5
  |
9 |     pub fn bar_foo() {}
  |     ^^^^^^^^^^^^^^^^^^^

warning: item name starts with its containing module's name
  --> $DIR/stutter.rs:10:5
   |
10 |     pub struct FooCake {}
   |     ^^^^^^^^^^^^^^^^^^^^^

warning: item name ends with its containing module's name
  --> $DIR/stutter.rs:11:5
   |
11 |     pub enum CakeFoo {}
   |     ^^^^^^^^^^^^^^^^^^^

