warning: assignment to temporary
  --> $DIR/temporary_assignment.rs:29:5
   |
29 |     Struct { field: 0 }.field = 1;
   |     ^^^^^^^^^^^^^^^^^^^^^^^^^^^^^
   |
   = note: #[warn(temporary_assignment)] on by default

warning: assignment to temporary
  --> $DIR/temporary_assignment.rs:30:5
   |
30 |     (0, 0).0 = 1;
   |     ^^^^^^^^^^^^
   |
   = note: #[warn(temporary_assignment)] on by default

