error: handle written amount returned or use `Write::write_all` instead
  --> $DIR/unused_io_amount.rs:8:5
   |
LL |     r#try!(s.write(b"test"));
   |     ^^^^^^^^^^^^^^^^^^^^^^^^^
   |
   = note: `-D clippy::unused-io-amount` implied by `-D warnings`
   = note: this error originates in a macro outside of the current crate (in Nightly builds, run with -Z external-macro-backtrace for more info)

error: handle read amount returned or use `Read::read_exact` instead
  --> $DIR/unused_io_amount.rs:10:5
   |
LL |     r#try!(s.read(&mut buf));
   |     ^^^^^^^^^^^^^^^^^^^^^^^^^
   |
   = note: this error originates in a macro outside of the current crate (in Nightly builds, run with -Z external-macro-backtrace for more info)

error: handle written amount returned or use `Write::write_all` instead
  --> $DIR/unused_io_amount.rs:15:5
   |
LL |     s.write(b"test")?;
   |     ^^^^^^^^^^^^^^^^^

error: handle read amount returned or use `Read::read_exact` instead
  --> $DIR/unused_io_amount.rs:17:5
   |
LL |     s.read(&mut buf)?;
   |     ^^^^^^^^^^^^^^^^^

error: handle written amount returned or use `Write::write_all` instead
  --> $DIR/unused_io_amount.rs:22:5
   |
LL |     s.write(b"test").unwrap();
   |     ^^^^^^^^^^^^^^^^^^^^^^^^^

error: handle read amount returned or use `Read::read_exact` instead
  --> $DIR/unused_io_amount.rs:24:5
   |
LL |     s.read(&mut buf).unwrap();
   |     ^^^^^^^^^^^^^^^^^^^^^^^^^

error: aborting due to 6 previous errors

