warning: used binding `_foo` which is prefixed with an underscore. A leading underscore signals that a binding will not be used.
  --> $DIR/used_underscore_binding.rs:17:5
   |
17 |     _foo + 1
   |     ^^^^
   |
note: lint level defined here
  --> $DIR/used_underscore_binding.rs:6:9
   |
6  | #![warn(used_underscore_binding)]
   |         ^^^^^^^^^^^^^^^^^^^^^^^

warning: used binding `_foo` which is prefixed with an underscore. A leading underscore signals that a binding will not be used.
  --> $DIR/used_underscore_binding.rs:22:20
   |
22 |     println!("{}", _foo);
   |                    ^^^^

warning: used binding `_foo` which is prefixed with an underscore. A leading underscore signals that a binding will not be used.
  --> $DIR/used_underscore_binding.rs:24:16
   |
24 |     assert_eq!(_foo, _foo);
   |                ^^^^

warning: used binding `_foo` which is prefixed with an underscore. A leading underscore signals that a binding will not be used.
  --> $DIR/used_underscore_binding.rs:24:22
   |
24 |     assert_eq!(_foo, _foo);
   |                      ^^^^

warning: used binding `_underscore_field` which is prefixed with an underscore. A leading underscore signals that a binding will not be used.
  --> $DIR/used_underscore_binding.rs:39:5
   |
39 |     s._underscore_field += 1;
   |     ^^^^^^^^^^^^^^^^^^^

